[     328ms] [INFO] %cDownload the React DevTools for a better development experience: https://reactjs.org/link/react-devtools font-weight:bold @ http://localhost:5173/@fs/C:/Users/Yafit/pathly-adapters/studio/node_modules/.vite/deps/chunk-BVI7NZOO.js?v=a588bd94:21550
[  539720ms] TypeError: Cannot read properties of undefined (reading 'fs')
    at pickFolder (http://localhost:5173/src/services/pathlyApi.ts:5:47)
    at handleOpenFolder (http://localhost:5173/src/components/HomeScreen.tsx?t=1779091995674:255:30)
    at HTMLUnknownElement.callCallback2 (http://localhost:5173/@fs/C:/Users/Yafit/pathly-adapters/studio/node_modules/.vite/deps/chunk-BVI7NZOO.js?v=a588bd94:3674:22)
    at Object.invokeGuardedCallbackDev (http://localhost:5173/@fs/C:/Users/Yafit/pathly-adapters/studio/node_modules/.vite/deps/chunk-BVI7NZOO.js?v=a588bd94:3699:24)
    at invokeGuardedCallback (http://localhost:5173/@fs/C:/Users/Yafit/pathly-adapters/studio/node_modules/.vite/deps/chunk-BVI7NZOO.js?v=a588bd94:3733:39)
    at invokeGuardedCallbackAndCatchFirstError (http://localhost:5173/@fs/C:/Users/Yafit/pathly-adapters/studio/node_modules/.vite/deps/chunk-BVI7NZOO.js?v=a588bd94:3736:33)
    at executeDispatch (http://localhost:5173/@fs/C:/Users/Yafit/pathly-adapters/studio/node_modules/.vite/deps/chunk-BVI7NZOO.js?v=a588bd94:7014:11)
    at processDispatchQueueItemsInOrder (http://localhost:5173/@fs/C:/Users/Yafit/pathly-adapters/studio/node_modules/.vite/deps/chunk-BVI7NZOO.js?v=a588bd94:7034:15)
    at processDispatchQueue (http://localhost:5173/@fs/C:/Users/Yafit/pathly-adapters/studio/node_modules/.vite/deps/chunk-BVI7NZOO.js?v=a588bd94:7043:13)
    at dispatchEventsForPlugins (http://localhost:5173/@fs/C:/Users/Yafit/pathly-adapters/studio/node_modules/.vite/deps/chunk-BVI7NZOO.js?v=a588bd94:7051:11)
[  543204ms] TypeError: Cannot read properties of undefined (reading 'fs')
    at pickFolder (http://localhost:5173/src/services/pathlyApi.ts:5:47)
    at handleOpenFolder (http://localhost:5173/src/components/HomeScreen.tsx?t=1779091995674:255:30)
    at HTMLUnknownElement.callCallback2 (http://localhost:5173/@fs/C:/Users/Yafit/pathly-adapters/studio/node_modules/.vite/deps/chunk-BVI7NZOO.js?v=a588bd94:3674:22)
    at Object.invokeGuardedCallbackDev (http://localhost:5173/@fs/C:/Users/Yafit/pathly-adapters/studio/node_modules/.vite/deps/chunk-BVI7NZOO.js?v=a588bd94:3699:24)
    at invokeGuardedCallback (http://localhost:5173/@fs/C:/Users/Yafit/pathly-adapters/studio/node_modules/.vite/deps/chunk-BVI7NZOO.js?v=a588bd94:3733:39)
    at invokeGuardedCallbackAndCatchFirstError (http://localhost:5173/@fs/C:/Users/Yafit/pathly-adapters/studio/node_modules/.vite/deps/chunk-BVI7NZOO.js?v=a588bd94:3736:33)
    at executeDispatch (http://localhost:5173/@fs/C:/Users/Yafit/pathly-adapters/studio/node_modules/.vite/deps/chunk-BVI7NZOO.js?v=a588bd94:7014:11)
    at processDispatchQueueItemsInOrder (http://localhost:5173/@fs/C:/Users/Yafit/pathly-adapters/studio/node_modules/.vite/deps/chunk-BVI7NZOO.js?v=a588bd94:7034:15)
    at processDispatchQueue (http://localhost:5173/@fs/C:/Users/Yafit/pathly-adapters/studio/node_modules/.vite/deps/chunk-BVI7NZOO.js?v=a588bd94:7043:13)
    at dispatchEventsForPlugins (http://localhost:5173/@fs/C:/Users/Yafit/pathly-adapters/studio/node_modules/.vite/deps/chunk-BVI7NZOO.js?v=a588bd94:7051:11)
[  544298ms] TypeError: Cannot read properties of undefined (reading 'fs')
    at pickFolder (http://localhost:5173/src/services/pathlyApi.ts:5:47)
    at handleOpenFolder (http://localhost:5173/src/components/HomeScreen.tsx?t=1779091995674:255:30)
    at HTMLUnknownElement.callCallback2 (http://localhost:5173/@fs/C:/Users/Yafit/pathly-adapters/studio/node_modules/.vite/deps/chunk-BVI7NZOO.js?v=a588bd94:3674:22)
    at Object.invokeGuardedCallbackDev (http://localhost:5173/@fs/C:/Users/Yafit/pathly-adapters/studio/node_modules/.vite/deps/chunk-BVI7NZOO.js?v=a588bd94:3699:24)
    at invokeGuardedCallback (http://localhost:5173/@fs/C:/Users/Yafit/pathly-adapters/studio/node_modules/.vite/deps/chunk-BVI7NZOO.js?v=a588bd94:3733:39)
    at invokeGuardedCallbackAndCatchFirstError (http://localhost:5173/@fs/C:/Users/Yafit/pathly-adapters/studio/node_modules/.vite/deps/chunk-BVI7NZOO.js?v=a588bd94:3736:33)
    at executeDispatch (http://localhost:5173/@fs/C:/Users/Yafit/pathly-adapters/studio/node_modules/.vite/deps/chunk-BVI7NZOO.js?v=a588bd94:7014:11)
    at processDispatchQueueItemsInOrder (http://localhost:5173/@fs/C:/Users/Yafit/pathly-adapters/studio/node_modules/.vite/deps/chunk-BVI7NZOO.js?v=a588bd94:7034:15)
    at processDispatchQueue (http://localhost:5173/@fs/C:/Users/Yafit/pathly-adapters/studio/node_modules/.vite/deps/chunk-BVI7NZOO.js?v=a588bd94:7043:13)
    at dispatchEventsForPlugins (http://localhost:5173/@fs/C:/Users/Yafit/pathly-adapters/studio/node_modules/.vite/deps/chunk-BVI7NZOO.js?v=a588bd94:7051:11)
